/r/demo -> /r/demo volume=false ro=false
sbx-demo-abc123-t1-dep-0 -> /r/demo/node_modules volume=true ro=false
sbx-home -> /home/agent volume=true ro=false
sbx-cache -> /sbx/cache volume=true ro=false
/h/.sbx/state/demo-abc123/main -> /sbx/state volume=false ro=false
/h/.sbx/state/demo-abc123/main/gen -> /sbx/gen volume=false ro=true
